// Jest Snapshot v1, https://goo.gl/fbAQLP

exports[`MyComponent should render correctly in "debug" mode 1`] = `ShallowWrapper {}`;

exports[`Test HP component  should render properly 1`] = `ShallowWrapper {}`;
